[2025-08-20 13:24:41] Admin login failed: Failed login attempt for username: يبلبل
[2025-08-20 13:24:45] Admin login failed: Failed login attempt for username: يبلبليبليب
[2025-08-20 13:28:03] Admin login failed: Failed login attempt for username: يبلبليبليب
[2025-08-20 13:28:13] Admin login failed: Failed login attempt for username: يبلبليبليب
[2025-08-20 13:28:36] Admin login failed: Failed login attempt for username: يبلبليبليب
[2025-08-20 13:29:09] Admin login failed: Failed login attempt for username: يبلبليبليب
[2025-08-20 13:29:17] Admin login failed: Failed login attempt for username: يبلبليبليب
[2025-08-20 13:40:18] Admin login failed: Failed login attempt for username: admin4
[2025-08-20 13:40:21] Admin login failed: Failed login attempt for username: admin4
[2025-08-20 13:40:25] Admin login: Admin Admin logged in successfully
[2025-08-20 12:40:34] Admin logout: Admin Admin logged out
[2025-08-20 14:19:29] Admin login failed: Failed login attempt for username: admin5
[2025-08-20 14:22:40] Admin login failed: Failed login attempt for username: admin5
[2025-08-20 14:22:47] Admin login failed: Failed login attempt for username: admin5
[2025-08-20 14:22:54] Admin login failed: Failed login attempt for username: admin5
[2025-08-20 14:24:04] Admin login failed: Failed login attempt for username: admin5
[2025-08-20 14:24:12] Admin login failed: Failed login attempt for username: يبيب
[2025-08-20 14:26:50] Admin login failed: Failed login attempt for username: يبل
[2025-08-20 14:40:42] Admin login: Admin Admin logged in successfully
[2025-08-20 13:41:44] Admin logout: Admin Admin logged out
[2025-08-20 14:41:50] Admin login: Admin Admin logged in successfully
[2025-08-21 10:45:13] Admin login: Admin Admin logged in successfully
[2025-08-21 11:42:46] Admin login: Admin Admin logged in successfully
[2025-08-21 15:54:15] Admin logout: Admin Admin logged out
[2025-08-21 16:54:33] Admin login failed: Failed login attempt for username: Farah
[2025-08-21 16:54:41] Admin login: Admin admin logged in successfully
[2025-08-21 15:54:46] Admin logout: Admin admin logged out
[2025-08-21 16:54:53] Admin login failed: Failed login attempt for username: farah
[2025-08-21 16:55:03] Admin login: Admin admin logged in successfully
[2025-08-21 15:55:29] Admin logout: Admin admin logged out
[2025-08-21 16:55:35] Admin login: Admin farah logged in successfully
[2025-08-21 17:12:50] Admin logout: Admin farah logged out
[2025-08-21 18:12:53] Admin login: Admin admin logged in successfully
[2025-08-25 13:27:24] Admin login: Admin admin logged in successfully
[2025-08-26 14:33:58] Admin logout: Admin admin logged out
[2025-08-26 15:34:24] Admin login: Admin admin logged in successfully
[2025-09-10 12:01:45] Admin login: Admin admin logged in successfully
[2025-09-17 18:36:35] Admin login: Admin admin logged in successfully
[2025-09-17 17:40:14] Admin logout: Admin admin logged out
[2025-10-08 15:54:49] Admin login: Admin admin logged in successfully
[2025-10-10 15:47:33] Admin logout: Admin admin logged out
[2025-10-14 10:49:06] Admin login: Admin admin logged in successfully
[2025-12-04 14:13:09] Admin login: Admin admin logged in successfully
[2025-12-04 13:17:40] Admin logout: Admin admin logged out
[2025-12-06 13:45:20] Admin login failed: Failed login attempt for username: Adminr
[2025-12-06 13:48:02] Admin login: Admin admin logged in successfully
[2025-12-06 12:48:31] Admin logout: Admin admin logged out
[2025-12-06 13:48:39] Admin login failed: Failed login attempt for username: Adminwe
[2025-12-06 13:48:52] Admin login failed: Failed login attempt for username: Adminwe
[2025-12-06 13:49:29] Admin login: Admin admin logged in successfully
[2025-12-06 13:02:38] Admin logout: Admin admin logged out
[2025-12-06 14:03:04] Admin login: Admin admin logged in successfully
[2025-12-06 13:03:10] Admin logout: Admin admin logged out
[2025-12-06 14:03:19] Admin login: Admin admin logged in successfully
[2025-12-06 13:03:21] Admin logout: Admin admin logged out
[2025-12-06 14:04:12] Admin login: Admin admin logged in successfully
[2025-12-06 13:04:13] Admin logout: Admin admin logged out
[2025-12-06 14:04:51] Admin login: Admin admin logged in successfully
[2025-12-06 13:05:08] Admin logout: Admin admin logged out
[2025-12-06 14:05:20] Admin login: Admin admin logged in successfully
[2025-12-06 13:06:03] Admin logout: Admin admin logged out
[2025-12-06 14:06:10] Admin login: Admin admin logged in successfully
[2025-12-06 13:06:18] Admin logout: Admin admin logged out
[2025-12-06 14:06:29] Admin login: Admin admin logged in successfully
[2025-12-10 13:34:54] Admin login: Admin admin logged in successfully
[2025-12-10 14:26:56] Admin login: Admin admin logged in successfully
[2025-12-13 13:35:57] Admin login: Admin admin logged in successfully
[2025-12-24 13:22:45] Admin login: Admin admin logged in successfully
[2025-12-27 13:21:25] Admin login: Admin admin logged in successfully
[2025-12-28 15:03:30] Admin login: Admin admin logged in successfully
[2025-12-28 16:11:58] Admin login: Admin admin logged in successfully
[2025-12-28 17:10:20] Admin login: Admin admin logged in successfully
[2025-12-29 09:37:45] Admin login: Admin admin logged in successfully
[2025-12-29 10:30:24] Admin login: Admin admin logged in successfully
